mdabr@01:40 PM >-bash:~/initramfs$ qemu-system-aarch64 \
    -cpu cortex-a57 \
    -machine virt \
    -smp 2 \
    -m 1024 \
    -kernel ~/linux/arch/arm64/boot/Image \
    -initrd ~/initramfs.cpio.gz \
    -nographic \
    -append "console=ttyAMA0 root=/dev/ram rdinit=/init"
[    0.000000] Booting Linux on physical CPU 0x0000000000 [0x411fd070]
[    0.000000] Linux version 6.12.0 (mdabr@Abrar) (aarch64-linux-gnu-gcc (Ubuntu 15.2.0-16ubuntu1) 15.2.0, GNU ld (GNU Binutils for Ubuntu) 2.46) #1 SMP PREEMPT Fri Jul  3 17:04:56 UTC 2026
[    0.000000] KASLR enabled
[    0.000000] random: crng init done
[    0.000000] Machine model: linux,dummy-virt
[    0.000000] efi: UEFI not found.
[    0.000000] NUMA: Faking a node at [mem 0x0000000040000000-0x000000007fffffff]
[    0.000000] NODE_DATA(0) allocated [mem 0x7fdfd3c0-0x7fdff9ff]
[    0.000000] Zone ranges:
[    0.000000]   DMA      [mem 0x0000000040000000-0x000000007fffffff]
[    0.000000]   DMA32    empty
[    0.000000]   Normal   empty
[    0.000000] Movable zone start for each node
[    0.000000] Early memory node ranges
[    0.000000]   node   0: [mem 0x0000000040000000-0x000000007fffffff]
[    0.000000] Initmem setup node 0 [mem 0x0000000040000000-0x000000007fffffff]
[    0.000000] cma: Reserved 32 MiB at 0x000000007cc00000 on node -1
[    0.000000] psci: probing for conduit method from DT.
[    0.000000] psci: PSCIv1.1 detected in firmware.
[    0.000000] psci: Using standard PSCI v0.2 function IDs
[    0.000000] psci: Trusted OS migration not required
[    0.000000] psci: SMC Calling Convention v1.0
[    0.000000] percpu: Embedded 25 pages/cpu s61656 r8192 d32552 u102400
[    0.000000] Detected PIPT I-cache on CPU0
[    0.000000] CPU features: detected: Spectre-v2
[    0.000000] CPU features: detected: Spectre-v3a
[    0.000000] CPU features: detected: Spectre-v4
[    0.000000] CPU features: detected: Spectre-BHB
[    0.000000] CPU features: kernel page table isolation forced ON by KASLR
[    0.000000] CPU features: detected: Kernel page table isolation (KPTI)
[    0.000000] CPU features: detected: ARM erratum 1742098
[    0.000000] CPU features: detected: ARM erratum 832075
[    0.000000] CPU features: detected: ARM errata 1165522, 1319367, or 1530923
[    0.000000] alternatives: applying boot alternatives
[    0.000000] Kernel command line: console=ttyAMA0 root=/dev/ram rdinit=/init
[    0.000000] Dentry cache hash table entries: 131072 (order: 8, 1048576 bytes, linear)
[    0.000000] Inode-cache hash table entries: 65536 (order: 7, 524288 bytes, linear)
[    0.000000] Fallback order for Node 0: 0
[    0.000000] Built 1 zonelists, mobility grouping on.  Total pages: 262144
[    0.000000] Policy zone: DMA
[    0.000000] mem auto-init: stack:all(zero), heap alloc:off, heap free:off
[    0.000000] software IO TLB: SWIOTLB bounce buffer size adjusted to 1MB
[    0.000000] software IO TLB: area num 2.
[    0.000000] software IO TLB: mapped [mem 0x000000007ca00000-0x000000007cb00000] (1MB)
[    0.000000] SLUB: HWalign=64, Order=0-3, MinObjects=0, CPUs=2, Nodes=1
[    0.000000] rcu: Preemptible hierarchical RCU implementation.
[    0.000000] rcu:     RCU event tracing is enabled.
[    0.000000] rcu:     RCU restricting CPUs from NR_CPUS=512 to nr_cpu_ids=2.
[    0.000000]  Trampoline variant of Tasks RCU enabled.
[    0.000000]  Tracing variant of Tasks RCU enabled.
[    0.000000] rcu: RCU calculated value of scheduler-enlistment delay is 25 jiffies.
[    0.000000] rcu: Adjusting geometry for rcu_fanout_leaf=16, nr_cpu_ids=2
[    0.000000] RCU Tasks: Setting shift to 1 and lim to 1 rcu_task_cb_adjust=1 rcu_task_cpu_ids=2.
[    0.000000] RCU Tasks Trace: Setting shift to 1 and lim to 1 rcu_task_cb_adjust=1 rcu_task_cpu_ids=2.
[    0.000000] NR_IRQS: 64, nr_irqs: 64, preallocated irqs: 0
[    0.000000] Root IRQ handler: gic_handle_irq
[    0.000000] GICv2m: range[mem 0x08020000-0x08020fff], SPI[80:143]
[    0.000000] rcu: srcu_init: Setting srcu_struct sizes based on contention.
[    0.000000] arch_timer: cp15 timer(s) running at 62.50MHz (virt).
[    0.000000] clocksource: arch_sys_counter: mask: 0x1ffffffffffffff max_cycles: 0x1cd42e208c, max_idle_ns: 881590405314 ns
[    0.000048] sched_clock: 57 bits at 63MHz, resolution 16ns, wraps every 4398046511096ns
[    0.006979] Console: colour dummy device 80x25
[    0.008950] Calibrating delay loop (skipped), value calculated using timer frequency.. 125.00 BogoMIPS (lpj=250000)
[    0.009052] pid_max: default: 32768 minimum: 301
[    0.010378] LSM: initializing lsm=capability
[    0.012285] Mount-cache hash table entries: 2048 (order: 2, 16384 bytes, linear)
[    0.012316] Mountpoint-cache hash table entries: 2048 (order: 2, 16384 bytes, linear)
[    0.034575] cacheinfo: Unable to detect cache hierarchy for CPU 0
[    0.047029] rcu: Hierarchical SRCU implementation.
[    0.047064] rcu:     Max phase no-delay instances is 1000.
[    0.048480] Timer migration: 1 hierarchy levels; 8 children per group; 1 crossnode level
[    0.051244] EFI services will not be available.
[    0.053206] smp: Bringing up secondary CPUs ...
[    0.056102] Detected PIPT I-cache on CPU1
[    0.056884] CPU1: Booted secondary processor 0x0000000001 [0x411fd070]
[    0.059775] smp: Brought up 1 node, 2 CPUs
[    0.059797] SMP: Total of 2 processors activated.
[    0.059820] CPU: All CPU(s) started at EL1
[    0.060006] CPU features: detected: 32-bit EL0 Support
[    0.060018] CPU features: detected: 32-bit EL1 Support
[    0.060069] CPU features: detected: CRC32 instructions
[    0.068462] alternatives: applying system-wide alternatives
[    0.087451] Memory: 949496K/1048576K available (17536K kernel code, 4902K rwdata, 11928K rodata, 2880K init, 742K bss, 62680K reserved, 32768K cma-reserved)
[    0.108756] devtmpfs: initialized
[    0.127051] clocksource: jiffies: mask: 0xffffffff max_cycles: 0xffffffff, max_idle_ns: 7645041785100000 ns
[    0.127480] futex hash table entries: 512 (order: 3, 32768 bytes, linear)
[    0.129217] 2G module region forced by RANDOMIZE_MODULE_REGION_FULL
[    0.129266] 0 pages in range for non-PLT usage
[    0.129296] 514720 pages in range for PLT usage
[    0.131831] pinctrl core: initialized pinctrl subsystem
[    0.137445] DMI not present or invalid.
[    0.158527] NET: Registered PF_NETLINK/PF_ROUTE protocol family
[    0.167560] DMA: preallocated 128 KiB GFP_KERNEL pool for atomic allocations
[    0.168387] DMA: preallocated 128 KiB GFP_KERNEL|GFP_DMA pool for atomic allocations
[    0.168956] DMA: preallocated 128 KiB GFP_KERNEL|GFP_DMA32 pool for atomic allocations
[    0.169355] audit: initializing netlink subsys (disabled)
[    0.171830] audit: type=2000 audit(0.156:1): state=initialized audit_enabled=0 res=1
[    0.175832] thermal_sys: Registered thermal governor 'step_wise'
[    0.175873] thermal_sys: Registered thermal governor 'power_allocator'
[    0.176289] cpuidle: using governor menu
[    0.177888] hw-breakpoint: found 6 breakpoint and 4 watchpoint registers.
[    0.178579] ASID allocator initialised with 32768 entries
[    0.183361] Serial: AMBA PL011 UART driver
[    0.221342] 9000000.pl011: ttyAMA0 at MMIO 0x9000000 (irq = 13, base_baud = 0) is a PL011 rev1
[    0.222738] printk: legacy console [ttyAMA0] enabled
[    0.276393] HugeTLB: registered 1.00 GiB page size, pre-allocated 0 pages
[    0.276839] HugeTLB: 0 KiB vmemmap can be freed for a 1.00 GiB page
[    0.277018] HugeTLB: registered 32.0 MiB page size, pre-allocated 0 pages
[    0.277607] HugeTLB: 0 KiB vmemmap can be freed for a 32.0 MiB page
[    0.278886] HugeTLB: registered 2.00 MiB page size, pre-allocated 0 pages
[    0.280449] HugeTLB: 0 KiB vmemmap can be freed for a 2.00 MiB page
[    0.280976] HugeTLB: registered 64.0 KiB page size, pre-allocated 0 pages
[    0.281396] HugeTLB: 0 KiB vmemmap can be freed for a 64.0 KiB page
[    0.291389] ACPI: Interpreter disabled.
[    0.296869] iommu: Default domain type: Translated
[    0.297176] iommu: DMA domain TLB invalidation policy: strict mode
[    0.298970] SCSI subsystem initialized
[    0.301633] usbcore: registered new interface driver usbfs
[    0.302169] usbcore: registered new interface driver hub
[    0.303416] usbcore: registered new device driver usb
[    0.305550] pps_core: LinuxPPS API ver. 1 registered
[    0.306055] pps_core: Software ver. 5.3.6 - Copyright 2005-2007 Rodolfo Giometti <giometti@linux.it>
[    0.306969] PTP clock support registered
[    0.307898] EDAC MC: Ver: 3.0.0
[    0.309804] scmi_core: SCMI protocol bus registered
[    0.312578] FPGA manager framework
[    0.313322] Advanced Linux Sound Architecture Driver Initialized.
[    0.325683] vgaarb: loaded
[    0.328076] clocksource: Switched to clocksource arch_sys_counter
[    0.332197] VFS: Disk quotas dquot_6.6.0
[    0.332647] VFS: Dquot-cache hash table entries: 512 (order 0, 4096 bytes)
[    0.335593] pnp: PnP ACPI: disabled
[    0.376093] NET: Registered PF_INET protocol family
[    0.377557] IP idents hash table entries: 16384 (order: 5, 131072 bytes, linear)
[    0.382085] tcp_listen_portaddr_hash hash table entries: 512 (order: 1, 8192 bytes, linear)
[    0.382606] Table-perturb hash table entries: 65536 (order: 6, 262144 bytes, linear)
[    0.382988] TCP established hash table entries: 8192 (order: 4, 65536 bytes, linear)
[    0.383442] TCP bind hash table entries: 8192 (order: 6, 262144 bytes, linear)
[    0.383949] TCP: Hash tables configured (established 8192 bind 8192)
[    0.385214] UDP hash table entries: 512 (order: 2, 16384 bytes, linear)
[    0.385594] UDP-Lite hash table entries: 512 (order: 2, 16384 bytes, linear)
[    0.386841] NET: Registered PF_UNIX/PF_LOCAL protocol family
[    0.390457] RPC: Registered named UNIX socket transport module.
[    0.390781] RPC: Registered udp transport module.
[    0.390857] RPC: Registered tcp transport module.
[    0.390975] RPC: Registered tcp-with-tls transport module.
[    0.391089] RPC: Registered tcp NFSv4.1 backchannel transport module.
[    0.391278] PCI: CLS 0 bytes, default 64
[    0.395376] Unpacking initramfs...
[    0.396367] kvm [1]: HYP mode not available
[    0.399225] Initialise system trusted keyrings
[    0.401077] workingset: timestamp_bits=42 max_order=18 bucket_order=0
[    0.403458] squashfs: version 4.0 (2009/01/31) Phillip Lougher
[    0.410867] NFS: Registering the id_resolver key type
[    0.411384] Key type id_resolver registered
[    0.411709] Key type id_legacy registered
[    0.413806] nfs4filelayout_init: NFSv4 File Layout Driver Registering...
[    0.414070] nfs4flexfilelayout_init: NFSv4 Flexfile Layout Driver Registering...
[    0.415218] 9p: Installing v9fs 9p2000 file system support
[    0.448673] Key type asymmetric registered
[    0.448846] Asymmetric key parser 'x509' registered
[    0.449323] Block layer SCSI generic (bsg) driver version 0.4 loaded (major 245)
[    0.449821] io scheduler mq-deadline registered
[    0.450303] io scheduler kyber registered
[    0.450861] io scheduler bfq registered
[    0.459574] Freeing initrd memory: 1188K
[    0.469525] pl061_gpio 9030000.pl061: PL061 GPIO chip registered
[    0.473767] ledtrig-cpu: registered to indicate activity on CPUs
[    0.477213] pci-host-generic 4010000000.pcie: host bridge /pcie@10000000 ranges:
[    0.478263] pci-host-generic 4010000000.pcie:       IO 0x003eff0000..0x003effffff -> 0x0000000000
[    0.479273] pci-host-generic 4010000000.pcie:      MEM 0x0010000000..0x003efeffff -> 0x0010000000
[    0.480000] pci-host-generic 4010000000.pcie:      MEM 0x8000000000..0xffffffffff -> 0x8000000000
[    0.481263] pci-host-generic 4010000000.pcie: Memory resource size exceeds max for 32 bits
[    0.482273] pci-host-generic 4010000000.pcie: ECAM at [mem 0x4010000000-0x401fffffff] for [bus 00-ff]
[    0.484492] pci-host-generic 4010000000.pcie: PCI host bridge to bus 0000:00
[    0.485152] pci_bus 0000:00: root bus resource [bus 00-ff]
[    0.485430] pci_bus 0000:00: root bus resource [io  0x0000-0xffff]
[    0.485859] pci_bus 0000:00: root bus resource [mem 0x10000000-0x3efeffff]
[    0.486254] pci_bus 0000:00: root bus resource [mem 0x8000000000-0xffffffffff]
[    0.488083] pci 0000:00:00.0: [1b36:0008] type 00 class 0x060000 conventional PCI endpoint
[    0.491594] pci 0000:00:01.0: [1af4:1000] type 00 class 0x020000 conventional PCI endpoint
[    0.492342] pci 0000:00:01.0: BAR 0 [io  0x0000-0x001f]
[    0.492807] pci 0000:00:01.0: BAR 1 [mem 0x00000000-0x00000fff]
[    0.493147] pci 0000:00:01.0: BAR 4 [mem 0x00000000-0x00003fff 64bit pref]
[    0.493799] pci 0000:00:01.0: ROM [mem 0x00000000-0x0007ffff pref]
[    0.496677] pci 0000:00:01.0: ROM [mem 0x10000000-0x1007ffff pref]: assigned
[    0.497263] pci 0000:00:01.0: BAR 4 [mem 0x8000000000-0x8000003fff 64bit pref]: assigned
[    0.497569] pci 0000:00:01.0: BAR 1 [mem 0x10080000-0x10080fff]: assigned
[    0.497945] pci 0000:00:01.0: BAR 0 [io  0x1000-0x101f]: assigned
[    0.498416] pci_bus 0000:00: resource 4 [io  0x0000-0xffff]
[    0.498690] pci_bus 0000:00: resource 5 [mem 0x10000000-0x3efeffff]
[    0.499004] pci_bus 0000:00: resource 6 [mem 0x8000000000-0xffffffffff]
[    0.536516] virtio-pci 0000:00:01.0: enabling device (0000 -> 0003)
[    0.549136] Serial: 8250/16550 driver, 4 ports, IRQ sharing enabled
[    0.556357] msm_serial: driver initialized
[    0.557391] SuperH (H)SCI(F) driver initialized
[    0.558048] STM32 USART driver initialized
[    0.579050] loop: module loaded
[    0.581236] megasas: 07.727.03.00-rc1
[    0.585506] physmap-flash 0.flash: physmap platform flash device: [mem 0x00000000-0x03ffffff]
[    0.587344] 0.flash: Found 2 x16 devices at 0x0 in 32-bit bank. Manufacturer ID 0x000000 Chip ID 0x000000
[    0.588697] Intel/Sharp Extended Query Table at 0x0031
[    0.589799] Using buffer write method
[    0.590516] physmap-flash 0.flash: physmap platform flash device: [mem 0x04000000-0x07ffffff]
[    0.591614] 0.flash: Found 2 x16 devices at 0x0 in 32-bit bank. Manufacturer ID 0x000000 Chip ID 0x000000
[    0.593410] Intel/Sharp Extended Query Table at 0x0031
[    0.594292] Using buffer write method
[    0.594664] Concatenating MTD devices:
[    0.595086] (0): "0.flash"
[    0.595339] (1): "0.flash"
[    0.595621] into device "0.flash"
[    0.663191] tun: Universal TUN/TAP device driver, 1.6
[    0.678233] thunder_xcv, ver 1.0
[    0.678592] thunder_bgx, ver 1.0
[    0.679190] nicpf, ver 1.0
[    0.681439] hns3: Hisilicon Ethernet Network Driver for Hip08 Family - version
[    0.681782] hns3: Copyright (c) 2017 Huawei Corporation.
[    0.682311] hclge is initializing
[    0.682702] e1000: Intel(R) PRO/1000 Network Driver
[    0.682926] e1000: Copyright (c) 1999-2006 Intel Corporation.
[    0.683191] e1000e: Intel(R) PRO/1000 Network Driver
[    0.683528] e1000e: Copyright(c) 1999 - 2015 Intel Corporation.
[    0.684097] igb: Intel(R) Gigabit Ethernet Network Driver
[    0.685339] igb: Copyright (c) 2007-2014 Intel Corporation.
[    0.685620] igbvf: Intel(R) Gigabit Virtual Function Network Driver
[    0.685801] igbvf: Copyright (c) 2009 - 2012 Intel Corporation.
[    0.686530] sky2: driver version 1.30
[    0.689764] VFIO - User Level meta-driver version: 0.3
[    0.695529] usbcore: registered new interface driver usb-storage
[    0.703008] rtc-pl031 9010000.pl031: registered as rtc0
[    0.704197] rtc-pl031 9010000.pl031: setting system clock to 2026-07-04T13:40:53 UTC (1783172453)
[    0.706212] i2c_dev: i2c /dev entries driver
[    0.716948] sdhci: Secure Digital Host Controller Interface driver
[    0.717379] sdhci: Copyright(c) Pierre Ossman
[    0.718663] Synopsys Designware Multimedia Card Interface Driver
[    0.720264] sdhci-pltfm: SDHCI platform and OF driver helper
[    0.727038] usbcore: registered new interface driver usbhid
[    0.727722] usbhid: USB HID core driver
[    0.735079] hw perfevents: enabled with armv8_pmuv3 PMU driver, 7 (0,8000003f) counters available
[    0.746346] NET: Registered PF_PACKET protocol family
[    0.747707] 9pnet: Installing 9P2000 support
[    0.748641] Key type dns_resolver registered
[    0.765023] registered taskstats version 1
[    0.766412] Loading compiled-in X.509 certificates
[    0.776520] Demotion targets for Node 0: null
[    0.786223] input: gpio-keys as /devices/platform/gpio-keys/input/input0
[    0.795053] clk: Disabling unused clocks
[    0.795605] PM: genpd: Disabling unused power domains
[    0.796570] ALSA device list:
[    0.796808]   No soundcards found.
[    0.843402] Freeing unused kernel memory: 2880K
[    0.844508] Run /init as init process

==========================================
   Successfully Booted QEMU ARM64 Target
==========================================

/bin/sh: can't access tty; job control turned off
~ #
~ # uname -a
Linux (none) 6.12.0 #1 SMP PREEMPT Fri Jul  3 17:04:56 UTC 2026 aarch64 GNU/Linux
~ # uname -r
6.12.0
~ # cat /proc/cpuinfo
processor       : 0
BogoMIPS        : 125.00
Features        : fp asimd evtstrm aes pmull sha1 sha2 crc32 cpuid
CPU implementer : 0x41
CPU architecture: 8
CPU variant     : 0x1
CPU part        : 0xd07
CPU revision    : 0

processor       : 1
BogoMIPS        : 125.00
Features        : fp asimd evtstrm aes pmull sha1 sha2 crc32 cpuid
CPU implementer : 0x41
CPU architecture: 8
CPU variant     : 0x1
CPU part        : 0xd07
CPU revision    : 0

~ # find / -name "*.ko"
/hello.ko
~ # insmod hello
insmod: can't read 'hello': No such file or directory
~ # insmod hello.ko
[   65.171524] hello: loading out-of-tree module taints kernel.
[   65.177026] Hello, ARM64 world! LKM loaded successfully.
~ #
~ # dmesg | tail -n 5
[    0.845014]   with environment:
[    0.845026]     HOME=/
[    0.845035]     TERM=linux
[   65.171524] hello: loading out-of-tree module taints kernel.
[   65.177026] Hello, ARM64 world! LKM loaded successfully.
~ #
~ # rmmod hello
[   97.126018] Goodbye, ARM64 world! LKM unloaded successfully.
~ # dmesg | tail -n 5
[    0.845026]     HOME=/
[    0.845035]     TERM=linux
[   65.171524] hello: loading out-of-tree module taints kernel.
[   65.177026] Hello, ARM64 world! LKM loaded successfully.
[   97.126018] Goodbye, ARM64 world! LKM unloaded successfully.
~ # QEMU: Terminated